
> ameba-earth-backend@0.1.0 test
> jest __tests__/api.test.js

  console.error
    Failed to fetch rust state FetchError {
      message: 'request to http://localhost:4001/state failed, reason: ',
      type: 'system',
      errno: 'ECONNREFUSED',
      code: 'ECONNREFUSED'
    }

    [0m [90m 125 |[39m       [36mreturn[39m res[33m.[39mjson(json)
     [90m 126 |[39m     } [36mcatch[39m (err) {
    [31m[1m>[22m[39m[90m 127 |[39m       console[33m.[39merror([32m'Failed to fetch rust state'[39m[33m,[39m err)
     [90m     |[39m               [31m[1m^[22m[39m
     [90m 128 |[39m     }
     [90m 129 |[39m   }
     [90m 130 |[39m   res[33m.[39mjson({ tick[33m,[39m organisms[33m:[39m organisms[33m.[39mmap(o [33m=>[39m ({ id[33m:[39m o[33m.[39mid[33m,[39m position[33m:[39m o[33m.[39mposition[33m,[39m size[33m:[39m o[33m.[39msize[33m,[39m energy[33m:[39m o[33m.[39menergy[33m,[39m state[33m:[39m o[33m.[39mstate[33m,[39m dna_layers[33m:[39m o[33m.[39mdna_layers })) })[0m

      at error (server.js:127:15)

GET /state 200 1448 - 101.119 ms
  console.log
    POST /spawn ip 127.0.0.238 DB? false

      at log (server.js:277:11)

  console.log
    DEBUG: spawn check (in-memory) ip=127.0.0.238 count=0

      at log (server.js:322:15)

  console.error
    spawn proxy error FetchError {
      message: 'request to http://localhost:4001/spawn failed, reason: ',
      type: 'system',
      errno: 'ECONNREFUSED',
      code: 'ECONNREFUSED'
    }

    [0m [90m 369 |[39m     [36mreturn[39m res[33m.[39mstatus([35m201[39m)[33m.[39mjson({ organism[33m:[39m newOrg })
     [90m 370 |[39m   } [36mcatch[39m (err) {
    [31m[1m>[22m[39m[90m 371 |[39m     console[33m.[39merror([32m'spawn proxy error'[39m[33m,[39m err)
     [90m     |[39m             [31m[1m^[22m[39m
     [90m 372 |[39m     [36mreturn[39m res[33m.[39mstatus([35m500[39m)[33m.[39mjson({ error[33m:[39m [32m'backend spawn failed'[39m })
     [90m 373 |[39m   }
     [90m 374 |[39m })[0m

      at error (server.js:371:13)

POST /spawn 500 32 - 23.980 ms
  console.log
    POST /touch incoming ip= ::ffff:127.0.0.1 type= string existingTouchEntryType= undefined

      at log (server.js:382:11)

  console.warn
    touchCounts: coercing non-array entry to array for ip= ::ffff:127.0.0.1 currentValue= undefined

    [0m [90m 385 |[39m     [36mif[39m ([33m![39m[33mArray[39m[33m.[39misArray(touchCounts[ip])) {
     [90m 386 |[39m       [90m// If it's null/undefined or some other primitive/object, replace with empty array[39m
    [31m[1m>[22m[39m[90m 387 |[39m       console[33m.[39mwarn([32m'touchCounts: coercing non-array entry to array for ip='[39m[33m,[39m ip[33m,[39m [32m'currentValue='[39m[33m,[39m touchCounts[ip])
     [90m     |[39m               [31m[1m^[22m[39m
     [90m 388 |[39m       touchCounts[ip] [33m=[39m []
     [90m 389 |[39m     }
     [90m 390 |[39m     [90m// Keep only recent events (last 60s)[39m[0m

      at warn (server.js:387:15)
      at Layer.handle [as handle_request] (node_modules/express/lib/router/layer.js:95:5)
      at next (node_modules/express/lib/router/route.js:149:13)
      at Route.dispatch (node_modules/express/lib/router/route.js:119:3)
      at Layer.handle [as handle_request] (node_modules/express/lib/router/layer.js:95:5)
      at node_modules/express/lib/router/index.js:284:15
      at Function.process_params (node_modules/express/lib/router/index.js:346:12)
      at next (node_modules/express/lib/router/index.js:280:10)
      at logger (node_modules/morgan/index.js:144:5)
      at Layer.handle [as handle_request] (node_modules/express/lib/router/layer.js:95:5)
      at trim_prefix (node_modules/express/lib/router/index.js:328:13)
      at node_modules/express/lib/router/index.js:286:9
      at Function.process_params (node_modules/express/lib/router/index.js:346:12)
      at next (node_modules/express/lib/router/index.js:280:10)
      at node_modules/body-parser/lib/read.js:137:5
      at invokeCallback (node_modules/raw-body/index.js:238:16)
      at done (node_modules/raw-body/index.js:227:7)
      at IncomingMessage.onEnd (node_modules/raw-body/index.js:287:7)

  console.error
    touch proxy error FetchError {
      message: 'request to http://localhost:4001/touch failed, reason: ',
      type: 'system',
      errno: 'ECONNREFUSED',
      code: 'ECONNREFUSED'
    }

    [0m [90m 433 |[39m       }
     [90m 434 |[39m     } [36mcatch[39m (err) {
    [31m[1m>[22m[39m[90m 435 |[39m       console[33m.[39merror([32m'touch proxy error'[39m[33m,[39m err)
     [90m     |[39m               [31m[1m^[22m[39m
     [90m 436 |[39m       [36mreturn[39m res[33m.[39mstatus([35m500[39m)[33m.[39mjson({ error[33m:[39m [32m'backend touch failed'[39m })
     [90m 437 |[39m     }
     [90m 438 |[39m   })()[0m

      at error (server.js:435:15)

POST /touch 500 32 - 28.495 ms
  console.log
    POST /touch incoming ip= ::ffff:127.0.0.1 type= string existingTouchEntryType= object

      at log (server.js:382:11)

  console.error
    touch proxy error FetchError {
      message: 'request to http://localhost:4001/touch failed, reason: ',
      type: 'system',
      errno: 'ECONNREFUSED',
      code: 'ECONNREFUSED'
    }

    [0m [90m 433 |[39m       }
     [90m 434 |[39m     } [36mcatch[39m (err) {
    [31m[1m>[22m[39m[90m 435 |[39m       console[33m.[39merror([32m'touch proxy error'[39m[33m,[39m err)
     [90m     |[39m               [31m[1m^[22m[39m
     [90m 436 |[39m       [36mreturn[39m res[33m.[39mstatus([35m500[39m)[33m.[39mjson({ error[33m:[39m [32m'backend touch failed'[39m })
     [90m 437 |[39m     }
     [90m 438 |[39m   })()[0m

      at error (server.js:435:15)

POST /touch 500 32 - 14.097 ms
  console.log
    POST /touch incoming ip= ::ffff:127.0.0.1 type= string existingTouchEntryType= object

      at log (server.js:382:11)

  console.error
    touch proxy error FetchError {
      message: 'request to http://localhost:4001/touch failed, reason: ',
      type: 'system',
      errno: 'ECONNREFUSED',
      code: 'ECONNREFUSED'
    }

    [0m [90m 433 |[39m       }
     [90m 434 |[39m     } [36mcatch[39m (err) {
    [31m[1m>[22m[39m[90m 435 |[39m       console[33m.[39merror([32m'touch proxy error'[39m[33m,[39m err)
     [90m     |[39m               [31m[1m^[22m[39m
     [90m 436 |[39m       [36mreturn[39m res[33m.[39mstatus([35m500[39m)[33m.[39mjson({ error[33m:[39m [32m'backend touch failed'[39m })
     [90m 437 |[39m     }
     [90m 438 |[39m   })()[0m

      at error (server.js:435:15)

POST /touch 500 32 - 11.881 ms
  console.log
    POST /touch incoming ip= ::ffff:127.0.0.1 type= string existingTouchEntryType= object

      at log (server.js:382:11)

  console.error
    touch proxy error FetchError {
      message: 'request to http://localhost:4001/touch failed, reason: ',
      type: 'system',
      errno: 'ECONNREFUSED',
      code: 'ECONNREFUSED'
    }

    [0m [90m 433 |[39m       }
     [90m 434 |[39m     } [36mcatch[39m (err) {
    [31m[1m>[22m[39m[90m 435 |[39m       console[33m.[39merror([32m'touch proxy error'[39m[33m,[39m err)
     [90m     |[39m               [31m[1m^[22m[39m
     [90m 436 |[39m       [36mreturn[39m res[33m.[39mstatus([35m500[39m)[33m.[39mjson({ error[33m:[39m [32m'backend touch failed'[39m })
     [90m 437 |[39m     }
     [90m 438 |[39m   })()[0m

      at error (server.js:435:15)

POST /touch 500 32 - 11.827 ms
  console.log
    POST /touch incoming ip= ::ffff:127.0.0.1 type= string existingTouchEntryType= object

      at log (server.js:382:11)

  console.error
    touch proxy error FetchError {
      message: 'request to http://localhost:4001/touch failed, reason: ',
      type: 'system',
      errno: 'ECONNREFUSED',
      code: 'ECONNREFUSED'
    }

    [0m [90m 433 |[39m       }
     [90m 434 |[39m     } [36mcatch[39m (err) {
    [31m[1m>[22m[39m[90m 435 |[39m       console[33m.[39merror([32m'touch proxy error'[39m[33m,[39m err)
     [90m     |[39m               [31m[1m^[22m[39m
     [90m 436 |[39m       [36mreturn[39m res[33m.[39mstatus([35m500[39m)[33m.[39mjson({ error[33m:[39m [32m'backend touch failed'[39m })
     [90m 437 |[39m     }
     [90m 438 |[39m   })()[0m

      at error (server.js:435:15)

POST /touch 500 32 - 11.438 ms
  console.log
    POST /touch incoming ip= ::ffff:127.0.0.1 type= string existingTouchEntryType= object

      at log (server.js:382:11)

  console.error
    touch proxy error FetchError {
      message: 'request to http://localhost:4001/touch failed, reason: ',
      type: 'system',
      errno: 'ECONNREFUSED',
      code: 'ECONNREFUSED'
    }

    [0m [90m 433 |[39m       }
     [90m 434 |[39m     } [36mcatch[39m (err) {
    [31m[1m>[22m[39m[90m 435 |[39m       console[33m.[39merror([32m'touch proxy error'[39m[33m,[39m err)
     [90m     |[39m               [31m[1m^[22m[39m
     [90m 436 |[39m       [36mreturn[39m res[33m.[39mstatus([35m500[39m)[33m.[39mjson({ error[33m:[39m [32m'backend touch failed'[39m })
     [90m 437 |[39m     }
     [90m 438 |[39m   })()[0m

      at error (server.js:435:15)

POST /touch 500 32 - 11.558 ms
  console.log
    POST /touch incoming ip= ::ffff:127.0.0.1 type= string existingTouchEntryType= object

      at log (server.js:382:11)

  console.error
    touch proxy error FetchError {
      message: 'request to http://localhost:4001/touch failed, reason: ',
      type: 'system',
      errno: 'ECONNREFUSED',
      code: 'ECONNREFUSED'
    }

    [0m [90m 433 |[39m       }
     [90m 434 |[39m     } [36mcatch[39m (err) {
    [31m[1m>[22m[39m[90m 435 |[39m       console[33m.[39merror([32m'touch proxy error'[39m[33m,[39m err)
     [90m     |[39m               [31m[1m^[22m[39m
     [90m 436 |[39m       [36mreturn[39m res[33m.[39mstatus([35m500[39m)[33m.[39mjson({ error[33m:[39m [32m'backend touch failed'[39m })
     [90m 437 |[39m     }
     [90m 438 |[39m   })()[0m

      at error (server.js:435:15)

POST /touch 500 32 - 11.617 ms
  console.log
    POST /touch incoming ip= ::ffff:127.0.0.1 type= string existingTouchEntryType= object

      at log (server.js:382:11)

  console.error
    touch proxy error FetchError {
      message: 'request to http://localhost:4001/touch failed, reason: ',
      type: 'system',
      errno: 'ECONNREFUSED',
      code: 'ECONNREFUSED'
    }

    [0m [90m 433 |[39m       }
     [90m 434 |[39m     } [36mcatch[39m (err) {
    [31m[1m>[22m[39m[90m 435 |[39m       console[33m.[39merror([32m'touch proxy error'[39m[33m,[39m err)
     [90m     |[39m               [31m[1m^[22m[39m
     [90m 436 |[39m       [36mreturn[39m res[33m.[39mstatus([35m500[39m)[33m.[39mjson({ error[33m:[39m [32m'backend touch failed'[39m })
     [90m 437 |[39m     }
     [90m 438 |[39m   })()[0m

      at error (server.js:435:15)

POST /touch 500 32 - 12.738 ms
  console.log
    POST /touch incoming ip= ::ffff:127.0.0.1 type= string existingTouchEntryType= object

      at log (server.js:382:11)

  console.error
    touch proxy error FetchError {
      message: 'request to http://localhost:4001/touch failed, reason: ',
      type: 'system',
      errno: 'ECONNREFUSED',
      code: 'ECONNREFUSED'
    }

    [0m [90m 433 |[39m       }
     [90m 434 |[39m     } [36mcatch[39m (err) {
    [31m[1m>[22m[39m[90m 435 |[39m       console[33m.[39merror([32m'touch proxy error'[39m[33m,[39m err)
     [90m     |[39m               [31m[1m^[22m[39m
     [90m 436 |[39m       [36mreturn[39m res[33m.[39mstatus([35m500[39m)[33m.[39mjson({ error[33m:[39m [32m'backend touch failed'[39m })
     [90m 437 |[39m     }
     [90m 438 |[39m   })()[0m

      at error (server.js:435:15)

POST /touch 500 32 - 11.400 ms
  console.log
    POST /touch incoming ip= ::ffff:127.0.0.1 type= string existingTouchEntryType= object

      at log (server.js:382:11)

  console.error
    touch proxy error FetchError {
      message: 'request to http://localhost:4001/touch failed, reason: ',
      type: 'system',
      errno: 'ECONNREFUSED',
      code: 'ECONNREFUSED'
    }

    [0m [90m 433 |[39m       }
     [90m 434 |[39m     } [36mcatch[39m (err) {
    [31m[1m>[22m[39m[90m 435 |[39m       console[33m.[39merror([32m'touch proxy error'[39m[33m,[39m err)
     [90m     |[39m               [31m[1m^[22m[39m
     [90m 436 |[39m       [36mreturn[39m res[33m.[39mstatus([35m500[39m)[33m.[39mjson({ error[33m:[39m [32m'backend touch failed'[39m })
     [90m 437 |[39m     }
     [90m 438 |[39m   })()[0m

      at error (server.js:435:15)

POST /touch 500 32 - 11.530 ms
  console.log
    POST /touch incoming ip= ::ffff:127.0.0.1 type= string existingTouchEntryType= object

      at log (server.js:382:11)

  console.error
    touch proxy error FetchError {
      message: 'request to http://localhost:4001/touch failed, reason: ',
      type: 'system',
      errno: 'ECONNREFUSED',
      code: 'ECONNREFUSED'
    }

    [0m [90m 433 |[39m       }
     [90m 434 |[39m     } [36mcatch[39m (err) {
    [31m[1m>[22m[39m[90m 435 |[39m       console[33m.[39merror([32m'touch proxy error'[39m[33m,[39m err)
     [90m     |[39m               [31m[1m^[22m[39m
     [90m 436 |[39m       [36mreturn[39m res[33m.[39mstatus([35m500[39m)[33m.[39mjson({ error[33m:[39m [32m'backend touch failed'[39m })
     [90m 437 |[39m     }
     [90m 438 |[39m   })()[0m

      at error (server.js:435:15)

POST /touch 500 32 - 13.773 ms
  console.log
    POST /touch incoming ip= ::ffff:127.0.0.1 type= string existingTouchEntryType= object

      at log (server.js:382:11)

  console.error
    touch proxy error FetchError {
      message: 'request to http://localhost:4001/touch failed, reason: ',
      type: 'system',
      errno: 'ECONNREFUSED',
      code: 'ECONNREFUSED'
    }

    [0m [90m 433 |[39m       }
     [90m 434 |[39m     } [36mcatch[39m (err) {
    [31m[1m>[22m[39m[90m 435 |[39m       console[33m.[39merror([32m'touch proxy error'[39m[33m,[39m err)
     [90m     |[39m               [31m[1m^[22m[39m
     [90m 436 |[39m       [36mreturn[39m res[33m.[39mstatus([35m500[39m)[33m.[39mjson({ error[33m:[39m [32m'backend touch failed'[39m })
     [90m 437 |[39m     }
     [90m 438 |[39m   })()[0m

      at error (server.js:435:15)

POST /touch 500 32 - 12.151 ms
  console.log
    POST /touch incoming ip= ::ffff:127.0.0.1 type= string existingTouchEntryType= object

      at log (server.js:382:11)

  console.error
    touch proxy error FetchError {
      message: 'request to http://localhost:4001/touch failed, reason: ',
      type: 'system',
      errno: 'ECONNREFUSED',
      code: 'ECONNREFUSED'
    }

    [0m [90m 433 |[39m       }
     [90m 434 |[39m     } [36mcatch[39m (err) {
    [31m[1m>[22m[39m[90m 435 |[39m       console[33m.[39merror([32m'touch proxy error'[39m[33m,[39m err)
     [90m     |[39m               [31m[1m^[22m[39m
     [90m 436 |[39m       [36mreturn[39m res[33m.[39mstatus([35m500[39m)[33m.[39mjson({ error[33m:[39m [32m'backend touch failed'[39m })
     [90m 437 |[39m     }
     [90m 438 |[39m   })()[0m

      at error (server.js:435:15)

POST /touch 500 32 - 11.120 ms
  console.log
    POST /touch incoming ip= ::ffff:127.0.0.1 type= string existingTouchEntryType= object

      at log (server.js:382:11)

  console.error
    touch proxy error FetchError {
      message: 'request to http://localhost:4001/touch failed, reason: ',
      type: 'system',
      errno: 'ECONNREFUSED',
      code: 'ECONNREFUSED'
    }

    [0m [90m 433 |[39m       }
     [90m 434 |[39m     } [36mcatch[39m (err) {
    [31m[1m>[22m[39m[90m 435 |[39m       console[33m.[39merror([32m'touch proxy error'[39m[33m,[39m err)
     [90m     |[39m               [31m[1m^[22m[39m
     [90m 436 |[39m       [36mreturn[39m res[33m.[39mstatus([35m500[39m)[33m.[39mjson({ error[33m:[39m [32m'backend touch failed'[39m })
     [90m 437 |[39m     }
     [90m 438 |[39m   })()[0m

      at error (server.js:435:15)

POST /touch 500 32 - 10.787 ms
  console.log
    POST /touch incoming ip= ::ffff:127.0.0.1 type= string existingTouchEntryType= object

      at log (server.js:382:11)

  console.error
    touch proxy error FetchError {
      message: 'request to http://localhost:4001/touch failed, reason: ',
      type: 'system',
      errno: 'ECONNREFUSED',
      code: 'ECONNREFUSED'
    }

    [0m [90m 433 |[39m       }
     [90m 434 |[39m     } [36mcatch[39m (err) {
    [31m[1m>[22m[39m[90m 435 |[39m       console[33m.[39merror([32m'touch proxy error'[39m[33m,[39m err)
     [90m     |[39m               [31m[1m^[22m[39m
     [90m 436 |[39m       [36mreturn[39m res[33m.[39mstatus([35m500[39m)[33m.[39mjson({ error[33m:[39m [32m'backend touch failed'[39m })
     [90m 437 |[39m     }
     [90m 438 |[39m   })()[0m

      at error (server.js:435:15)

POST /touch 500 32 - 10.521 ms
  console.log
    POST /touch incoming ip= ::ffff:127.0.0.1 type= string existingTouchEntryType= object

      at log (server.js:382:11)

  console.error
    touch proxy error FetchError {
      message: 'request to http://localhost:4001/touch failed, reason: ',
      type: 'system',
      errno: 'ECONNREFUSED',
      code: 'ECONNREFUSED'
    }

    [0m [90m 433 |[39m       }
     [90m 434 |[39m     } [36mcatch[39m (err) {
    [31m[1m>[22m[39m[90m 435 |[39m       console[33m.[39merror([32m'touch proxy error'[39m[33m,[39m err)
     [90m     |[39m               [31m[1m^[22m[39m
     [90m 436 |[39m       [36mreturn[39m res[33m.[39mstatus([35m500[39m)[33m.[39mjson({ error[33m:[39m [32m'backend touch failed'[39m })
     [90m 437 |[39m     }
     [90m 438 |[39m   })()[0m

      at error (server.js:435:15)

POST /touch 500 32 - 10.448 ms
  console.log
    POST /touch incoming ip= ::ffff:127.0.0.1 type= string existingTouchEntryType= object

      at log (server.js:382:11)

  console.error
    touch proxy error FetchError {
      message: 'request to http://localhost:4001/touch failed, reason: ',
      type: 'system',
      errno: 'ECONNREFUSED',
      code: 'ECONNREFUSED'
    }

    [0m [90m 433 |[39m       }
     [90m 434 |[39m     } [36mcatch[39m (err) {
    [31m[1m>[22m[39m[90m 435 |[39m       console[33m.[39merror([32m'touch proxy error'[39m[33m,[39m err)
     [90m     |[39m               [31m[1m^[22m[39m
     [90m 436 |[39m       [36mreturn[39m res[33m.[39mstatus([35m500[39m)[33m.[39mjson({ error[33m:[39m [32m'backend touch failed'[39m })
     [90m 437 |[39m     }
     [90m 438 |[39m   })()[0m

      at error (server.js:435:15)

POST /touch 500 32 - 10.906 ms
  console.log
    POST /touch incoming ip= ::ffff:127.0.0.1 type= string existingTouchEntryType= object

      at log (server.js:382:11)

  console.error
    touch proxy error FetchError {
      message: 'request to http://localhost:4001/touch failed, reason: ',
      type: 'system',
      errno: 'ECONNREFUSED',
      code: 'ECONNREFUSED'
    }

    [0m [90m 433 |[39m       }
     [90m 434 |[39m     } [36mcatch[39m (err) {
    [31m[1m>[22m[39m[90m 435 |[39m       console[33m.[39merror([32m'touch proxy error'[39m[33m,[39m err)
     [90m     |[39m               [31m[1m^[22m[39m
     [90m 436 |[39m       [36mreturn[39m res[33m.[39mstatus([35m500[39m)[33m.[39mjson({ error[33m:[39m [32m'backend touch failed'[39m })
     [90m 437 |[39m     }
     [90m 438 |[39m   })()[0m

      at error (server.js:435:15)

POST /touch 500 32 - 10.368 ms
  console.log
    POST /touch incoming ip= ::ffff:127.0.0.1 type= string existingTouchEntryType= object

      at log (server.js:382:11)

  console.error
    touch proxy error FetchError {
      message: 'request to http://localhost:4001/touch failed, reason: ',
      type: 'system',
      errno: 'ECONNREFUSED',
      code: 'ECONNREFUSED'
    }

    [0m [90m 433 |[39m       }
     [90m 434 |[39m     } [36mcatch[39m (err) {
    [31m[1m>[22m[39m[90m 435 |[39m       console[33m.[39merror([32m'touch proxy error'[39m[33m,[39m err)
     [90m     |[39m               [31m[1m^[22m[39m
     [90m 436 |[39m       [36mreturn[39m res[33m.[39mstatus([35m500[39m)[33m.[39mjson({ error[33m:[39m [32m'backend touch failed'[39m })
     [90m 437 |[39m     }
     [90m 438 |[39m   })()[0m

      at error (server.js:435:15)

POST /touch 500 32 - 10.545 ms
  console.log
    POST /touch incoming ip= ::ffff:127.0.0.1 type= string existingTouchEntryType= object

      at log (server.js:382:11)

  console.error
    touch proxy error FetchError {
      message: 'request to http://localhost:4001/touch failed, reason: ',
      type: 'system',
      errno: 'ECONNREFUSED',
      code: 'ECONNREFUSED'
    }

    [0m [90m 433 |[39m       }
     [90m 434 |[39m     } [36mcatch[39m (err) {
    [31m[1m>[22m[39m[90m 435 |[39m       console[33m.[39merror([32m'touch proxy error'[39m[33m,[39m err)
     [90m     |[39m               [31m[1m^[22m[39m
     [90m 436 |[39m       [36mreturn[39m res[33m.[39mstatus([35m500[39m)[33m.[39mjson({ error[33m:[39m [32m'backend touch failed'[39m })
     [90m 437 |[39m     }
     [90m 438 |[39m   })()[0m

      at error (server.js:435:15)

POST /touch 500 32 - 10.267 ms
  console.log
    POST /touch incoming ip= ::ffff:127.0.0.1 type= string existingTouchEntryType= object

      at log (server.js:382:11)

  console.error
    touch proxy error FetchError {
      message: 'request to http://localhost:4001/touch failed, reason: ',
      type: 'system',
      errno: 'ECONNREFUSED',
      code: 'ECONNREFUSED'
    }

    [0m [90m 433 |[39m       }
     [90m 434 |[39m     } [36mcatch[39m (err) {
    [31m[1m>[22m[39m[90m 435 |[39m       console[33m.[39merror([32m'touch proxy error'[39m[33m,[39m err)
     [90m     |[39m               [31m[1m^[22m[39m
     [90m 436 |[39m       [36mreturn[39m res[33m.[39mstatus([35m500[39m)[33m.[39mjson({ error[33m:[39m [32m'backend touch failed'[39m })
     [90m 437 |[39m     }
     [90m 438 |[39m   })()[0m

      at error (server.js:435:15)

POST /touch 500 32 - 10.747 ms
  console.log
    POST /touch incoming ip= ::ffff:127.0.0.1 type= string existingTouchEntryType= object

      at log (server.js:382:11)

  console.error
    touch proxy error FetchError {
      message: 'request to http://localhost:4001/touch failed, reason: ',
      type: 'system',
      errno: 'ECONNREFUSED',
      code: 'ECONNREFUSED'
    }

    [0m [90m 433 |[39m       }
     [90m 434 |[39m     } [36mcatch[39m (err) {
    [31m[1m>[22m[39m[90m 435 |[39m       console[33m.[39merror([32m'touch proxy error'[39m[33m,[39m err)
     [90m     |[39m               [31m[1m^[22m[39m
     [90m 436 |[39m       [36mreturn[39m res[33m.[39mstatus([35m500[39m)[33m.[39mjson({ error[33m:[39m [32m'backend touch failed'[39m })
     [90m 437 |[39m     }
     [90m 438 |[39m   })()[0m

      at error (server.js:435:15)

POST /touch 500 32 - 11.243 ms
  console.log
    POST /touch incoming ip= ::ffff:127.0.0.1 type= string existingTouchEntryType= object

      at log (server.js:382:11)

  console.error
    touch proxy error FetchError {
      message: 'request to http://localhost:4001/touch failed, reason: ',
      type: 'system',
      errno: 'ECONNREFUSED',
      code: 'ECONNREFUSED'
    }

    [0m [90m 433 |[39m       }
     [90m 434 |[39m     } [36mcatch[39m (err) {
    [31m[1m>[22m[39m[90m 435 |[39m       console[33m.[39merror([32m'touch proxy error'[39m[33m,[39m err)
     [90m     |[39m               [31m[1m^[22m[39m
     [90m 436 |[39m       [36mreturn[39m res[33m.[39mstatus([35m500[39m)[33m.[39mjson({ error[33m:[39m [32m'backend touch failed'[39m })
     [90m 437 |[39m     }
     [90m 438 |[39m   })()[0m

      at error (server.js:435:15)

POST /touch 500 32 - 10.726 ms
  console.log
    POST /touch incoming ip= ::ffff:127.0.0.1 type= string existingTouchEntryType= object

      at log (server.js:382:11)

  console.error
    touch proxy error FetchError {
      message: 'request to http://localhost:4001/touch failed, reason: ',
      type: 'system',
      errno: 'ECONNREFUSED',
      code: 'ECONNREFUSED'
    }

    [0m [90m 433 |[39m       }
     [90m 434 |[39m     } [36mcatch[39m (err) {
    [31m[1m>[22m[39m[90m 435 |[39m       console[33m.[39merror([32m'touch proxy error'[39m[33m,[39m err)
     [90m     |[39m               [31m[1m^[22m[39m
     [90m 436 |[39m       [36mreturn[39m res[33m.[39mstatus([35m500[39m)[33m.[39mjson({ error[33m:[39m [32m'backend touch failed'[39m })
     [90m 437 |[39m     }
     [90m 438 |[39m   })()[0m

      at error (server.js:435:15)

POST /touch 500 32 - 10.697 ms
  console.log
    POST /touch incoming ip= ::ffff:127.0.0.1 type= string existingTouchEntryType= object

      at log (server.js:382:11)

  console.error
    touch proxy error FetchError {
      message: 'request to http://localhost:4001/touch failed, reason: ',
      type: 'system',
      errno: 'ECONNREFUSED',
      code: 'ECONNREFUSED'
    }

    [0m [90m 433 |[39m       }
     [90m 434 |[39m     } [36mcatch[39m (err) {
    [31m[1m>[22m[39m[90m 435 |[39m       console[33m.[39merror([32m'touch proxy error'[39m[33m,[39m err)
     [90m     |[39m               [31m[1m^[22m[39m
     [90m 436 |[39m       [36mreturn[39m res[33m.[39mstatus([35m500[39m)[33m.[39mjson({ error[33m:[39m [32m'backend touch failed'[39m })
     [90m 437 |[39m     }
     [90m 438 |[39m   })()[0m

      at error (server.js:435:15)

POST /touch 500 32 - 10.640 ms
  console.log
    POST /touch incoming ip= ::ffff:127.0.0.1 type= string existingTouchEntryType= object

      at log (server.js:382:11)

  console.error
    touch proxy error FetchError {
      message: 'request to http://localhost:4001/touch failed, reason: ',
      type: 'system',
      errno: 'ECONNREFUSED',
      code: 'ECONNREFUSED'
    }

    [0m [90m 433 |[39m       }
     [90m 434 |[39m     } [36mcatch[39m (err) {
    [31m[1m>[22m[39m[90m 435 |[39m       console[33m.[39merror([32m'touch proxy error'[39m[33m,[39m err)
     [90m     |[39m               [31m[1m^[22m[39m
     [90m 436 |[39m       [36mreturn[39m res[33m.[39mstatus([35m500[39m)[33m.[39mjson({ error[33m:[39m [32m'backend touch failed'[39m })
     [90m 437 |[39m     }
     [90m 438 |[39m   })()[0m

      at error (server.js:435:15)

POST /touch 500 32 - 10.754 ms
  console.log
    POST /touch incoming ip= ::ffff:127.0.0.1 type= string existingTouchEntryType= object

      at log (server.js:382:11)

  console.error
    touch proxy error FetchError {
      message: 'request to http://localhost:4001/touch failed, reason: ',
      type: 'system',
      errno: 'ECONNREFUSED',
      code: 'ECONNREFUSED'
    }

    [0m [90m 433 |[39m       }
     [90m 434 |[39m     } [36mcatch[39m (err) {
    [31m[1m>[22m[39m[90m 435 |[39m       console[33m.[39merror([32m'touch proxy error'[39m[33m,[39m err)
     [90m     |[39m               [31m[1m^[22m[39m
     [90m 436 |[39m       [36mreturn[39m res[33m.[39mstatus([35m500[39m)[33m.[39mjson({ error[33m:[39m [32m'backend touch failed'[39m })
     [90m 437 |[39m     }
     [90m 438 |[39m   })()[0m

      at error (server.js:435:15)

POST /touch 500 32 - 10.979 ms
  console.log
    POST /touch incoming ip= ::ffff:127.0.0.1 type= string existingTouchEntryType= object

      at log (server.js:382:11)

  console.error
    touch proxy error FetchError {
      message: 'request to http://localhost:4001/touch failed, reason: ',
      type: 'system',
      errno: 'ECONNREFUSED',
      code: 'ECONNREFUSED'
    }

    [0m [90m 433 |[39m       }
     [90m 434 |[39m     } [36mcatch[39m (err) {
    [31m[1m>[22m[39m[90m 435 |[39m       console[33m.[39merror([32m'touch proxy error'[39m[33m,[39m err)
     [90m     |[39m               [31m[1m^[22m[39m
     [90m 436 |[39m       [36mreturn[39m res[33m.[39mstatus([35m500[39m)[33m.[39mjson({ error[33m:[39m [32m'backend touch failed'[39m })
     [90m 437 |[39m     }
     [90m 438 |[39m   })()[0m

      at error (server.js:435:15)

POST /touch 500 32 - 10.737 ms
  console.log
    POST /touch incoming ip= ::ffff:127.0.0.1 type= string existingTouchEntryType= object

      at log (server.js:382:11)

  console.error
    touch proxy error FetchError {
      message: 'request to http://localhost:4001/touch failed, reason: ',
      type: 'system',
      errno: 'ECONNREFUSED',
      code: 'ECONNREFUSED'
    }

    [0m [90m 433 |[39m       }
     [90m 434 |[39m     } [36mcatch[39m (err) {
    [31m[1m>[22m[39m[90m 435 |[39m       console[33m.[39merror([32m'touch proxy error'[39m[33m,[39m err)
     [90m     |[39m               [31m[1m^[22m[39m
     [90m 436 |[39m       [36mreturn[39m res[33m.[39mstatus([35m500[39m)[33m.[39mjson({ error[33m:[39m [32m'backend touch failed'[39m })
     [90m 437 |[39m     }
     [90m 438 |[39m   })()[0m

      at error (server.js:435:15)

POST /touch 500 32 - 10.787 ms
  console.log
    POST /touch incoming ip= ::ffff:127.0.0.1 type= string existingTouchEntryType= object

      at log (server.js:382:11)

  console.error
    touch proxy error FetchError {
      message: 'request to http://localhost:4001/touch failed, reason: ',
      type: 'system',
      errno: 'ECONNREFUSED',
      code: 'ECONNREFUSED'
    }

    [0m [90m 433 |[39m       }
     [90m 434 |[39m     } [36mcatch[39m (err) {
    [31m[1m>[22m[39m[90m 435 |[39m       console[33m.[39merror([32m'touch proxy error'[39m[33m,[39m err)
     [90m     |[39m               [31m[1m^[22m[39m
     [90m 436 |[39m       [36mreturn[39m res[33m.[39mstatus([35m500[39m)[33m.[39mjson({ error[33m:[39m [32m'backend touch failed'[39m })
     [90m 437 |[39m     }
     [90m 438 |[39m   })()[0m

      at error (server.js:435:15)

POST /touch 500 32 - 10.545 ms
  console.log
    POST /touch incoming ip= ::ffff:127.0.0.1 type= string existingTouchEntryType= object

      at log (server.js:382:11)

  console.error
    touch proxy error FetchError {
      message: 'request to http://localhost:4001/touch failed, reason: ',
      type: 'system',
      errno: 'ECONNREFUSED',
      code: 'ECONNREFUSED'
    }

    [0m [90m 433 |[39m       }
     [90m 434 |[39m     } [36mcatch[39m (err) {
    [31m[1m>[22m[39m[90m 435 |[39m       console[33m.[39merror([32m'touch proxy error'[39m[33m,[39m err)
     [90m     |[39m               [31m[1m^[22m[39m
     [90m 436 |[39m       [36mreturn[39m res[33m.[39mstatus([35m500[39m)[33m.[39mjson({ error[33m:[39m [32m'backend touch failed'[39m })
     [90m 437 |[39m     }
     [90m 438 |[39m   })()[0m

      at error (server.js:435:15)

POST /touch 500 32 - 10.488 ms
  console.log
    POST /touch incoming ip= ::ffff:127.0.0.1 type= string existingTouchEntryType= object

      at log (server.js:382:11)

  console.error
    touch proxy error FetchError {
      message: 'request to http://localhost:4001/touch failed, reason: ',
      type: 'system',
      errno: 'ECONNREFUSED',
      code: 'ECONNREFUSED'
    }

    [0m [90m 433 |[39m       }
     [90m 434 |[39m     } [36mcatch[39m (err) {
    [31m[1m>[22m[39m[90m 435 |[39m       console[33m.[39merror([32m'touch proxy error'[39m[33m,[39m err)
     [90m     |[39m               [31m[1m^[22m[39m
     [90m 436 |[39m       [36mreturn[39m res[33m.[39mstatus([35m500[39m)[33m.[39mjson({ error[33m:[39m [32m'backend touch failed'[39m })
     [90m 437 |[39m     }
     [90m 438 |[39m   })()[0m

      at error (server.js:435:15)

POST /touch 500 32 - 10.687 ms
  console.log
    POST /touch incoming ip= ::ffff:127.0.0.1 type= string existingTouchEntryType= object

      at log (server.js:382:11)

  console.error
    touch proxy error FetchError {
      message: 'request to http://localhost:4001/touch failed, reason: ',
      type: 'system',
      errno: 'ECONNREFUSED',
      code: 'ECONNREFUSED'
    }

    [0m [90m 433 |[39m       }
     [90m 434 |[39m     } [36mcatch[39m (err) {
    [31m[1m>[22m[39m[90m 435 |[39m       console[33m.[39merror([32m'touch proxy error'[39m[33m,[39m err)
     [90m     |[39m               [31m[1m^[22m[39m
     [90m 436 |[39m       [36mreturn[39m res[33m.[39mstatus([35m500[39m)[33m.[39mjson({ error[33m:[39m [32m'backend touch failed'[39m })
     [90m 437 |[39m     }
     [90m 438 |[39m   })()[0m

      at error (server.js:435:15)

POST /touch 500 32 - 10.793 ms
  console.log
    POST /touch incoming ip= ::ffff:127.0.0.1 type= string existingTouchEntryType= object

      at log (server.js:382:11)

  console.error
    touch proxy error FetchError {
      message: 'request to http://localhost:4001/touch failed, reason: ',
      type: 'system',
      errno: 'ECONNREFUSED',
      code: 'ECONNREFUSED'
    }

    [0m [90m 433 |[39m       }
     [90m 434 |[39m     } [36mcatch[39m (err) {
    [31m[1m>[22m[39m[90m 435 |[39m       console[33m.[39merror([32m'touch proxy error'[39m[33m,[39m err)
     [90m     |[39m               [31m[1m^[22m[39m
     [90m 436 |[39m       [36mreturn[39m res[33m.[39mstatus([35m500[39m)[33m.[39mjson({ error[33m:[39m [32m'backend touch failed'[39m })
     [90m 437 |[39m     }
     [90m 438 |[39m   })()[0m

      at error (server.js:435:15)

POST /touch 500 32 - 10.281 ms
  console.log
    POST /touch incoming ip= ::ffff:127.0.0.1 type= string existingTouchEntryType= object

      at log (server.js:382:11)

  console.error
    touch proxy error FetchError {
      message: 'request to http://localhost:4001/touch failed, reason: ',
      type: 'system',
      errno: 'ECONNREFUSED',
      code: 'ECONNREFUSED'
    }

    [0m [90m 433 |[39m       }
     [90m 434 |[39m     } [36mcatch[39m (err) {
    [31m[1m>[22m[39m[90m 435 |[39m       console[33m.[39merror([32m'touch proxy error'[39m[33m,[39m err)
     [90m     |[39m               [31m[1m^[22m[39m
     [90m 436 |[39m       [36mreturn[39m res[33m.[39mstatus([35m500[39m)[33m.[39mjson({ error[33m:[39m [32m'backend touch failed'[39m })
     [90m 437 |[39m     }
     [90m 438 |[39m   })()[0m

      at error (server.js:435:15)

POST /touch 500 32 - 10.287 ms
  console.log
    POST /touch incoming ip= ::ffff:127.0.0.1 type= string existingTouchEntryType= object

      at log (server.js:382:11)

  console.error
    touch proxy error FetchError {
      message: 'request to http://localhost:4001/touch failed, reason: ',
      type: 'system',
      errno: 'ECONNREFUSED',
      code: 'ECONNREFUSED'
    }

    [0m [90m 433 |[39m       }
     [90m 434 |[39m     } [36mcatch[39m (err) {
    [31m[1m>[22m[39m[90m 435 |[39m       console[33m.[39merror([32m'touch proxy error'[39m[33m,[39m err)
     [90m     |[39m               [31m[1m^[22m[39m
     [90m 436 |[39m       [36mreturn[39m res[33m.[39mstatus([35m500[39m)[33m.[39mjson({ error[33m:[39m [32m'backend touch failed'[39m })
     [90m 437 |[39m     }
     [90m 438 |[39m   })()[0m

      at error (server.js:435:15)

POST /touch 500 32 - 11.769 ms
  console.log
    POST /touch incoming ip= ::ffff:127.0.0.1 type= string existingTouchEntryType= object

      at log (server.js:382:11)

  console.error
    touch proxy error FetchError {
      message: 'request to http://localhost:4001/touch failed, reason: ',
      type: 'system',
      errno: 'ECONNREFUSED',
      code: 'ECONNREFUSED'
    }

    [0m [90m 433 |[39m       }
     [90m 434 |[39m     } [36mcatch[39m (err) {
    [31m[1m>[22m[39m[90m 435 |[39m       console[33m.[39merror([32m'touch proxy error'[39m[33m,[39m err)
     [90m     |[39m               [31m[1m^[22m[39m
     [90m 436 |[39m       [36mreturn[39m res[33m.[39mstatus([35m500[39m)[33m.[39mjson({ error[33m:[39m [32m'backend touch failed'[39m })
     [90m 437 |[39m     }
     [90m 438 |[39m   })()[0m

      at error (server.js:435:15)

POST /touch 500 32 - 10.755 ms
  console.log
    POST /touch incoming ip= ::ffff:127.0.0.1 type= string existingTouchEntryType= object

      at log (server.js:382:11)

  console.error
    touch proxy error FetchError {
      message: 'request to http://localhost:4001/touch failed, reason: ',
      type: 'system',
      errno: 'ECONNREFUSED',
      code: 'ECONNREFUSED'
    }

    [0m [90m 433 |[39m       }
     [90m 434 |[39m     } [36mcatch[39m (err) {
    [31m[1m>[22m[39m[90m 435 |[39m       console[33m.[39merror([32m'touch proxy error'[39m[33m,[39m err)
     [90m     |[39m               [31m[1m^[22m[39m
     [90m 436 |[39m       [36mreturn[39m res[33m.[39mstatus([35m500[39m)[33m.[39mjson({ error[33m:[39m [32m'backend touch failed'[39m })
     [90m 437 |[39m     }
     [90m 438 |[39m   })()[0m

      at error (server.js:435:15)

POST /touch 500 32 - 10.339 ms
  console.log
    POST /touch incoming ip= ::ffff:127.0.0.1 type= string existingTouchEntryType= object

      at log (server.js:382:11)

  console.error
    touch proxy error FetchError {
      message: 'request to http://localhost:4001/touch failed, reason: ',
      type: 'system',
      errno: 'ECONNREFUSED',
      code: 'ECONNREFUSED'
    }

    [0m [90m 433 |[39m       }
     [90m 434 |[39m     } [36mcatch[39m (err) {
    [31m[1m>[22m[39m[90m 435 |[39m       console[33m.[39merror([32m'touch proxy error'[39m[33m,[39m err)
     [90m     |[39m               [31m[1m^[22m[39m
     [90m 436 |[39m       [36mreturn[39m res[33m.[39mstatus([35m500[39m)[33m.[39mjson({ error[33m:[39m [32m'backend touch failed'[39m })
     [90m 437 |[39m     }
     [90m 438 |[39m   })()[0m

      at error (server.js:435:15)

POST /touch 500 32 - 11.124 ms
  console.log
    POST /touch incoming ip= ::ffff:127.0.0.1 type= string existingTouchEntryType= object

      at log (server.js:382:11)

  console.error
    touch proxy error FetchError {
      message: 'request to http://localhost:4001/touch failed, reason: ',
      type: 'system',
      errno: 'ECONNREFUSED',
      code: 'ECONNREFUSED'
    }

    [0m [90m 433 |[39m       }
     [90m 434 |[39m     } [36mcatch[39m (err) {
    [31m[1m>[22m[39m[90m 435 |[39m       console[33m.[39merror([32m'touch proxy error'[39m[33m,[39m err)
     [90m     |[39m               [31m[1m^[22m[39m
     [90m 436 |[39m       [36mreturn[39m res[33m.[39mstatus([35m500[39m)[33m.[39mjson({ error[33m:[39m [32m'backend touch failed'[39m })
     [90m 437 |[39m     }
     [90m 438 |[39m   })()[0m

      at error (server.js:435:15)

POST /touch 500 32 - 10.089 ms
  console.log
    POST /touch incoming ip= ::ffff:127.0.0.1 type= string existingTouchEntryType= object

      at log (server.js:382:11)

  console.error
    touch proxy error FetchError {
      message: 'request to http://localhost:4001/touch failed, reason: ',
      type: 'system',
      errno: 'ECONNREFUSED',
      code: 'ECONNREFUSED'
    }

    [0m [90m 433 |[39m       }
     [90m 434 |[39m     } [36mcatch[39m (err) {
    [31m[1m>[22m[39m[90m 435 |[39m       console[33m.[39merror([32m'touch proxy error'[39m[33m,[39m err)
     [90m     |[39m               [31m[1m^[22m[39m
     [90m 436 |[39m       [36mreturn[39m res[33m.[39mstatus([35m500[39m)[33m.[39mjson({ error[33m:[39m [32m'backend touch failed'[39m })
     [90m 437 |[39m     }
     [90m 438 |[39m   })()[0m

      at error (server.js:435:15)

POST /touch 500 32 - 10.040 ms
  console.log
    POST /touch incoming ip= ::ffff:127.0.0.1 type= string existingTouchEntryType= object

      at log (server.js:382:11)

  console.error
    touch proxy error FetchError {
      message: 'request to http://localhost:4001/touch failed, reason: ',
      type: 'system',
      errno: 'ECONNREFUSED',
      code: 'ECONNREFUSED'
    }

    [0m [90m 433 |[39m       }
     [90m 434 |[39m     } [36mcatch[39m (err) {
    [31m[1m>[22m[39m[90m 435 |[39m       console[33m.[39merror([32m'touch proxy error'[39m[33m,[39m err)
     [90m     |[39m               [31m[1m^[22m[39m
     [90m 436 |[39m       [36mreturn[39m res[33m.[39mstatus([35m500[39m)[33m.[39mjson({ error[33m:[39m [32m'backend touch failed'[39m })
     [90m 437 |[39m     }
     [90m 438 |[39m   })()[0m

      at error (server.js:435:15)

POST /touch 500 32 - 10.493 ms
  console.log
    POST /touch incoming ip= ::ffff:127.0.0.1 type= string existingTouchEntryType= object

      at log (server.js:382:11)

  console.error
    touch proxy error FetchError {
      message: 'request to http://localhost:4001/touch failed, reason: ',
      type: 'system',
      errno: 'ECONNREFUSED',
      code: 'ECONNREFUSED'
    }

    [0m [90m 433 |[39m       }
     [90m 434 |[39m     } [36mcatch[39m (err) {
    [31m[1m>[22m[39m[90m 435 |[39m       console[33m.[39merror([32m'touch proxy error'[39m[33m,[39m err)
     [90m     |[39m               [31m[1m^[22m[39m
     [90m 436 |[39m       [36mreturn[39m res[33m.[39mstatus([35m500[39m)[33m.[39mjson({ error[33m:[39m [32m'backend touch failed'[39m })
     [90m 437 |[39m     }
     [90m 438 |[39m   })()[0m

      at error (server.js:435:15)

POST /touch 500 32 - 10.369 ms
  console.log
    POST /touch incoming ip= ::ffff:127.0.0.1 type= string existingTouchEntryType= object

      at log (server.js:382:11)

  console.error
    touch proxy error FetchError {
      message: 'request to http://localhost:4001/touch failed, reason: ',
      type: 'system',
      errno: 'ECONNREFUSED',
      code: 'ECONNREFUSED'
    }

    [0m [90m 433 |[39m       }
     [90m 434 |[39m     } [36mcatch[39m (err) {
    [31m[1m>[22m[39m[90m 435 |[39m       console[33m.[39merror([32m'touch proxy error'[39m[33m,[39m err)
     [90m     |[39m               [31m[1m^[22m[39m
     [90m 436 |[39m       [36mreturn[39m res[33m.[39mstatus([35m500[39m)[33m.[39mjson({ error[33m:[39m [32m'backend touch failed'[39m })
     [90m 437 |[39m     }
     [90m 438 |[39m   })()[0m

      at error (server.js:435:15)

POST /touch 500 32 - 10.544 ms
  console.log
    POST /touch incoming ip= ::ffff:127.0.0.1 type= string existingTouchEntryType= object

      at log (server.js:382:11)

  console.error
    touch proxy error FetchError {
      message: 'request to http://localhost:4001/touch failed, reason: ',
      type: 'system',
      errno: 'ECONNREFUSED',
      code: 'ECONNREFUSED'
    }

    [0m [90m 433 |[39m       }
     [90m 434 |[39m     } [36mcatch[39m (err) {
    [31m[1m>[22m[39m[90m 435 |[39m       console[33m.[39merror([32m'touch proxy error'[39m[33m,[39m err)
     [90m     |[39m               [31m[1m^[22m[39m
     [90m 436 |[39m       [36mreturn[39m res[33m.[39mstatus([35m500[39m)[33m.[39mjson({ error[33m:[39m [32m'backend touch failed'[39m })
     [90m 437 |[39m     }
     [90m 438 |[39m   })()[0m

      at error (server.js:435:15)

POST /touch 500 32 - 10.508 ms
  console.log
    POST /touch incoming ip= ::ffff:127.0.0.1 type= string existingTouchEntryType= object

      at log (server.js:382:11)

  console.error
    touch proxy error FetchError {
      message: 'request to http://localhost:4001/touch failed, reason: ',
      type: 'system',
      errno: 'ECONNREFUSED',
      code: 'ECONNREFUSED'
    }

    [0m [90m 433 |[39m       }
     [90m 434 |[39m     } [36mcatch[39m (err) {
    [31m[1m>[22m[39m[90m 435 |[39m       console[33m.[39merror([32m'touch proxy error'[39m[33m,[39m err)
     [90m     |[39m               [31m[1m^[22m[39m
     [90m 436 |[39m       [36mreturn[39m res[33m.[39mstatus([35m500[39m)[33m.[39mjson({ error[33m:[39m [32m'backend touch failed'[39m })
     [90m 437 |[39m     }
     [90m 438 |[39m   })()[0m

      at error (server.js:435:15)

POST /touch 500 32 - 10.514 ms
  console.log
    POST /touch incoming ip= ::ffff:127.0.0.1 type= string existingTouchEntryType= object

      at log (server.js:382:11)

  console.error
    touch proxy error FetchError {
      message: 'request to http://localhost:4001/touch failed, reason: ',
      type: 'system',
      errno: 'ECONNREFUSED',
      code: 'ECONNREFUSED'
    }

    [0m [90m 433 |[39m       }
     [90m 434 |[39m     } [36mcatch[39m (err) {
    [31m[1m>[22m[39m[90m 435 |[39m       console[33m.[39merror([32m'touch proxy error'[39m[33m,[39m err)
     [90m     |[39m               [31m[1m^[22m[39m
     [90m 436 |[39m       [36mreturn[39m res[33m.[39mstatus([35m500[39m)[33m.[39mjson({ error[33m:[39m [32m'backend touch failed'[39m })
     [90m 437 |[39m     }
     [90m 438 |[39m   })()[0m

      at error (server.js:435:15)

POST /touch 500 32 - 10.320 ms
  console.log
    POST /touch incoming ip= ::ffff:127.0.0.1 type= string existingTouchEntryType= object

      at log (server.js:382:11)

  console.error
    touch proxy error FetchError {
      message: 'request to http://localhost:4001/touch failed, reason: ',
      type: 'system',
      errno: 'ECONNREFUSED',
      code: 'ECONNREFUSED'
    }

    [0m [90m 433 |[39m       }
     [90m 434 |[39m     } [36mcatch[39m (err) {
    [31m[1m>[22m[39m[90m 435 |[39m       console[33m.[39merror([32m'touch proxy error'[39m[33m,[39m err)
     [90m     |[39m               [31m[1m^[22m[39m
     [90m 436 |[39m       [36mreturn[39m res[33m.[39mstatus([35m500[39m)[33m.[39mjson({ error[33m:[39m [32m'backend touch failed'[39m })
     [90m 437 |[39m     }
     [90m 438 |[39m   })()[0m

      at error (server.js:435:15)

POST /touch 500 32 - 9.934 ms
  console.log
    POST /touch incoming ip= ::ffff:127.0.0.1 type= string existingTouchEntryType= object

      at log (server.js:382:11)

  console.error
    touch proxy error FetchError {
      message: 'request to http://localhost:4001/touch failed, reason: ',
      type: 'system',
      errno: 'ECONNREFUSED',
      code: 'ECONNREFUSED'
    }

    [0m [90m 433 |[39m       }
     [90m 434 |[39m     } [36mcatch[39m (err) {
    [31m[1m>[22m[39m[90m 435 |[39m       console[33m.[39merror([32m'touch proxy error'[39m[33m,[39m err)
     [90m     |[39m               [31m[1m^[22m[39m
     [90m 436 |[39m       [36mreturn[39m res[33m.[39mstatus([35m500[39m)[33m.[39mjson({ error[33m:[39m [32m'backend touch failed'[39m })
     [90m 437 |[39m     }
     [90m 438 |[39m   })()[0m

      at error (server.js:435:15)

POST /touch 500 32 - 10.036 ms
  console.log
    POST /touch incoming ip= ::ffff:127.0.0.1 type= string existingTouchEntryType= object

      at log (server.js:382:11)

  console.error
    touch proxy error FetchError {
      message: 'request to http://localhost:4001/touch failed, reason: ',
      type: 'system',
      errno: 'ECONNREFUSED',
      code: 'ECONNREFUSED'
    }

    [0m [90m 433 |[39m       }
     [90m 434 |[39m     } [36mcatch[39m (err) {
    [31m[1m>[22m[39m[90m 435 |[39m       console[33m.[39merror([32m'touch proxy error'[39m[33m,[39m err)
     [90m     |[39m               [31m[1m^[22m[39m
     [90m 436 |[39m       [36mreturn[39m res[33m.[39mstatus([35m500[39m)[33m.[39mjson({ error[33m:[39m [32m'backend touch failed'[39m })
     [90m 437 |[39m     }
     [90m 438 |[39m   })()[0m

      at error (server.js:435:15)

POST /touch 500 32 - 10.568 ms
  console.log
    POST /touch incoming ip= ::ffff:127.0.0.1 type= string existingTouchEntryType= object

      at log (server.js:382:11)

  console.error
    touch proxy error FetchError {
      message: 'request to http://localhost:4001/touch failed, reason: ',
      type: 'system',
      errno: 'ECONNREFUSED',
      code: 'ECONNREFUSED'
    }

    [0m [90m 433 |[39m       }
     [90m 434 |[39m     } [36mcatch[39m (err) {
    [31m[1m>[22m[39m[90m 435 |[39m       console[33m.[39merror([32m'touch proxy error'[39m[33m,[39m err)
     [90m     |[39m               [31m[1m^[22m[39m
     [90m 436 |[39m       [36mreturn[39m res[33m.[39mstatus([35m500[39m)[33m.[39mjson({ error[33m:[39m [32m'backend touch failed'[39m })
     [90m 437 |[39m     }
     [90m 438 |[39m   })()[0m

      at error (server.js:435:15)

POST /touch 500 32 - 10.334 ms
  console.log
    POST /touch incoming ip= ::ffff:127.0.0.1 type= string existingTouchEntryType= object

      at log (server.js:382:11)

  console.error
    touch proxy error FetchError {
      message: 'request to http://localhost:4001/touch failed, reason: ',
      type: 'system',
      errno: 'ECONNREFUSED',
      code: 'ECONNREFUSED'
    }

    [0m [90m 433 |[39m       }
     [90m 434 |[39m     } [36mcatch[39m (err) {
    [31m[1m>[22m[39m[90m 435 |[39m       console[33m.[39merror([32m'touch proxy error'[39m[33m,[39m err)
     [90m     |[39m               [31m[1m^[22m[39m
     [90m 436 |[39m       [36mreturn[39m res[33m.[39mstatus([35m500[39m)[33m.[39mjson({ error[33m:[39m [32m'backend touch failed'[39m })
     [90m 437 |[39m     }
     [90m 438 |[39m   })()[0m

      at error (server.js:435:15)

POST /touch 500 32 - 10.434 ms
  console.log
    POST /touch incoming ip= ::ffff:127.0.0.1 type= string existingTouchEntryType= object

      at log (server.js:382:11)

  console.error
    touch proxy error FetchError {
      message: 'request to http://localhost:4001/touch failed, reason: ',
      type: 'system',
      errno: 'ECONNREFUSED',
      code: 'ECONNREFUSED'
    }

    [0m [90m 433 |[39m       }
     [90m 434 |[39m     } [36mcatch[39m (err) {
    [31m[1m>[22m[39m[90m 435 |[39m       console[33m.[39merror([32m'touch proxy error'[39m[33m,[39m err)
     [90m     |[39m               [31m[1m^[22m[39m
     [90m 436 |[39m       [36mreturn[39m res[33m.[39mstatus([35m500[39m)[33m.[39mjson({ error[33m:[39m [32m'backend touch failed'[39m })
     [90m 437 |[39m     }
     [90m 438 |[39m   })()[0m

      at error (server.js:435:15)

POST /touch 500 32 - 10.440 ms
  console.log
    POST /touch incoming ip= ::ffff:127.0.0.1 type= string existingTouchEntryType= object

      at log (server.js:382:11)

  console.error
    touch proxy error FetchError {
      message: 'request to http://localhost:4001/touch failed, reason: ',
      type: 'system',
      errno: 'ECONNREFUSED',
      code: 'ECONNREFUSED'
    }

    [0m [90m 433 |[39m       }
     [90m 434 |[39m     } [36mcatch[39m (err) {
    [31m[1m>[22m[39m[90m 435 |[39m       console[33m.[39merror([32m'touch proxy error'[39m[33m,[39m err)
     [90m     |[39m               [31m[1m^[22m[39m
     [90m 436 |[39m       [36mreturn[39m res[33m.[39mstatus([35m500[39m)[33m.[39mjson({ error[33m:[39m [32m'backend touch failed'[39m })
     [90m 437 |[39m     }
     [90m 438 |[39m   })()[0m

      at error (server.js:435:15)

POST /touch 500 32 - 10.209 ms
  console.log
    POST /touch incoming ip= ::ffff:127.0.0.1 type= string existingTouchEntryType= object

      at log (server.js:382:11)

  console.error
    touch proxy error FetchError {
      message: 'request to http://localhost:4001/touch failed, reason: ',
      type: 'system',
      errno: 'ECONNREFUSED',
      code: 'ECONNREFUSED'
    }

    [0m [90m 433 |[39m       }
     [90m 434 |[39m     } [36mcatch[39m (err) {
    [31m[1m>[22m[39m[90m 435 |[39m       console[33m.[39merror([32m'touch proxy error'[39m[33m,[39m err)
     [90m     |[39m               [31m[1m^[22m[39m
     [90m 436 |[39m       [36mreturn[39m res[33m.[39mstatus([35m500[39m)[33m.[39mjson({ error[33m:[39m [32m'backend touch failed'[39m })
     [90m 437 |[39m     }
     [90m 438 |[39m   })()[0m

      at error (server.js:435:15)

POST /touch 500 32 - 10.270 ms
  console.log
    POST /touch incoming ip= ::ffff:127.0.0.1 type= string existingTouchEntryType= object

      at log (server.js:382:11)

  console.error
    touch proxy error FetchError {
      message: 'request to http://localhost:4001/touch failed, reason: ',
      type: 'system',
      errno: 'ECONNREFUSED',
      code: 'ECONNREFUSED'
    }

    [0m [90m 433 |[39m       }
     [90m 434 |[39m     } [36mcatch[39m (err) {
    [31m[1m>[22m[39m[90m 435 |[39m       console[33m.[39merror([32m'touch proxy error'[39m[33m,[39m err)
     [90m     |[39m               [31m[1m^[22m[39m
     [90m 436 |[39m       [36mreturn[39m res[33m.[39mstatus([35m500[39m)[33m.[39mjson({ error[33m:[39m [32m'backend touch failed'[39m })
     [90m 437 |[39m     }
     [90m 438 |[39m   })()[0m

      at error (server.js:435:15)

POST /touch 500 32 - 11.199 ms
  console.log
    POST /touch incoming ip= ::ffff:127.0.0.1 type= string existingTouchEntryType= object

      at log (server.js:382:11)

  console.error
    touch proxy error FetchError {
      message: 'request to http://localhost:4001/touch failed, reason: ',
      type: 'system',
      errno: 'ECONNREFUSED',
      code: 'ECONNREFUSED'
    }

    [0m [90m 433 |[39m       }
     [90m 434 |[39m     } [36mcatch[39m (err) {
    [31m[1m>[22m[39m[90m 435 |[39m       console[33m.[39merror([32m'touch proxy error'[39m[33m,[39m err)
     [90m     |[39m               [31m[1m^[22m[39m
     [90m 436 |[39m       [36mreturn[39m res[33m.[39mstatus([35m500[39m)[33m.[39mjson({ error[33m:[39m [32m'backend touch failed'[39m })
     [90m 437 |[39m     }
     [90m 438 |[39m   })()[0m

      at error (server.js:435:15)

POST /touch 500 32 - 11.116 ms
  console.log
    POST /touch incoming ip= ::ffff:127.0.0.1 type= string existingTouchEntryType= object

      at log (server.js:382:11)

  console.error
    touch proxy error FetchError {
      message: 'request to http://localhost:4001/touch failed, reason: ',
      type: 'system',
      errno: 'ECONNREFUSED',
      code: 'ECONNREFUSED'
    }

    [0m [90m 433 |[39m       }
     [90m 434 |[39m     } [36mcatch[39m (err) {
    [31m[1m>[22m[39m[90m 435 |[39m       console[33m.[39merror([32m'touch proxy error'[39m[33m,[39m err)
     [90m     |[39m               [31m[1m^[22m[39m
     [90m 436 |[39m       [36mreturn[39m res[33m.[39mstatus([35m500[39m)[33m.[39mjson({ error[33m:[39m [32m'backend touch failed'[39m })
     [90m 437 |[39m     }
     [90m 438 |[39m   })()[0m

      at error (server.js:435:15)

POST /touch 500 32 - 11.475 ms
  console.log
    POST /touch incoming ip= ::ffff:127.0.0.1 type= string existingTouchEntryType= object

      at log (server.js:382:11)

  console.error
    touch proxy error FetchError {
      message: 'request to http://localhost:4001/touch failed, reason: ',
      type: 'system',
      errno: 'ECONNREFUSED',
      code: 'ECONNREFUSED'
    }

    [0m [90m 433 |[39m       }
     [90m 434 |[39m     } [36mcatch[39m (err) {
    [31m[1m>[22m[39m[90m 435 |[39m       console[33m.[39merror([32m'touch proxy error'[39m[33m,[39m err)
     [90m     |[39m               [31m[1m^[22m[39m
     [90m 436 |[39m       [36mreturn[39m res[33m.[39mstatus([35m500[39m)[33m.[39mjson({ error[33m:[39m [32m'backend touch failed'[39m })
     [90m 437 |[39m     }
     [90m 438 |[39m   })()[0m

      at error (server.js:435:15)

POST /touch 500 32 - 10.466 ms
  console.log
    POST /touch incoming ip= ::ffff:127.0.0.1 type= string existingTouchEntryType= object

      at log (server.js:382:11)

  console.error
    touch proxy error FetchError {
      message: 'request to http://localhost:4001/touch failed, reason: ',
      type: 'system',
      errno: 'ECONNREFUSED',
      code: 'ECONNREFUSED'
    }

    [0m [90m 433 |[39m       }
     [90m 434 |[39m     } [36mcatch[39m (err) {
    [31m[1m>[22m[39m[90m 435 |[39m       console[33m.[39merror([32m'touch proxy error'[39m[33m,[39m err)
     [90m     |[39m               [31m[1m^[22m[39m
     [90m 436 |[39m       [36mreturn[39m res[33m.[39mstatus([35m500[39m)[33m.[39mjson({ error[33m:[39m [32m'backend touch failed'[39m })
     [90m 437 |[39m     }
     [90m 438 |[39m   })()[0m

      at error (server.js:435:15)

POST /touch 500 32 - 10.470 ms
  console.log
    POST /touch incoming ip= ::ffff:127.0.0.1 type= string existingTouchEntryType= object

      at log (server.js:382:11)

  console.error
    touch proxy error FetchError {
      message: 'request to http://localhost:4001/touch failed, reason: ',
      type: 'system',
      errno: 'ECONNREFUSED',
      code: 'ECONNREFUSED'
    }

    [0m [90m 433 |[39m       }
     [90m 434 |[39m     } [36mcatch[39m (err) {
    [31m[1m>[22m[39m[90m 435 |[39m       console[33m.[39merror([32m'touch proxy error'[39m[33m,[39m err)
     [90m     |[39m               [31m[1m^[22m[39m
     [90m 436 |[39m       [36mreturn[39m res[33m.[39mstatus([35m500[39m)[33m.[39mjson({ error[33m:[39m [32m'backend touch failed'[39m })
     [90m 437 |[39m     }
     [90m 438 |[39m   })()[0m

      at error (server.js:435:15)

POST /touch 500 32 - 10.545 ms
  console.log
    POST /touch incoming ip= ::ffff:127.0.0.1 type= string existingTouchEntryType= object

      at log (server.js:382:11)

POST /touch 429 37 - 1.671 ms
  console.log
    POST /touch incoming ip= ::ffff:127.0.0.1 type= string existingTouchEntryType= object

      at log (server.js:382:11)

POST /touch 429 37 - 1.858 ms
  console.log
    POST /touch incoming ip= ::ffff:127.0.0.1 type= string existingTouchEntryType= object

      at log (server.js:382:11)

POST /touch 429 37 - 1.818 ms
  console.log
    POST /touch incoming ip= ::ffff:127.0.0.1 type= string existingTouchEntryType= object

      at log (server.js:382:11)

POST /touch 429 37 - 1.751 ms
  console.log
    POST /touch incoming ip= ::ffff:127.0.0.1 type= string existingTouchEntryType= object

      at log (server.js:382:11)

POST /touch 429 37 - 1.808 ms
  console.log
    POST /touch incoming ip= ::ffff:127.0.0.1 type= string existingTouchEntryType= object

      at log (server.js:382:11)

POST /touch 429 37 - 1.772 ms
  console.log
    POST /touch incoming ip= ::ffff:127.0.0.1 type= string existingTouchEntryType= object

      at log (server.js:382:11)

POST /touch 429 37 - 1.752 ms
  console.log
    POST /touch incoming ip= ::ffff:127.0.0.1 type= string existingTouchEntryType= object

      at log (server.js:382:11)

POST /touch 429 37 - 1.760 ms
  console.log
    POST /touch incoming ip= ::ffff:127.0.0.1 type= string existingTouchEntryType= object

      at log (server.js:382:11)

POST /touch 429 37 - 1.733 ms
  console.log
    POST /touch incoming ip= ::ffff:127.0.0.1 type= string existingTouchEntryType= object

      at log (server.js:382:11)

POST /touch 429 37 - 2.349 ms
  console.log
    POST /touch incoming ip= ::ffff:127.0.0.1 type= string existingTouchEntryType= object

      at log (server.js:382:11)

POST /touch 429 37 - 1.733 ms
GET /stats 200 354 - 0.638 ms
npm : FAIL __tests__/api.t
est.js
発生場所 行:1 文字:13
+ cd backend; npm test __t
ests__/api.test.js > ../te
st_output.txt 2>&1
+             ~~~~~~~~~~~~
~~~~~~~~~~~~~~~~~~~~~~~~~~
~~~~~~~~~~~~~~~~~~
    + CategoryInfo        
      : NotSpe    cified: 
(FAIL __    tests__/api.te
st    .js:String) [],     
RemoteException
    + FullyQualified    Er
rorId : Native    CommandE
rror
 
  API endpoints
    竏・GET /state returns J
SON (145 ms)
    ﾃ・POST /spawn limited 
to 1 per day (64 ms)
    竏・POST /touch rate lim
it enforced (1134 ms)
    竏・GET /stats returns b
asic metrics (7 ms)

  笳・API endpoints 窶ｺ POST 
/spawn limited to 1 per da
y

    expect(received).toCon
tain(expected) // indexOf

    Expected value: 500
    Received array: [200, 
201]

    [0m [90m 15 |[39m  
   [36mconst[39m headers
 [33m=[39m { [32m'X-For
warded-For'[39m[33m:[39
m uniqueIp }
     [90m 16 |[39m     
[36mconst[39m res1 [33m=
[39m [36mawait[39m requ
est(app)[33m.[39mpost([
32m'/spawn'[39m)[33m.[3
9m[36mset[39m(headers)[
33m.[39msend({})
    [31m[1m>[22m[39m[
90m 17 |[39m     expect([
[35m200[39m[33m,[39m 
[35m201[39m])[33m.[39mt
oContain(res1[33m.[39mst
atusCode)
     [90m    |[39m      
                  [31m[1
m^[22m[39m
     [90m 18 |[39m     
[36mconst[39m res2 [33m=
[39m [36mawait[39m requ
est(app)[33m.[39mpost([
32m'/spawn'[39m)[33m.[3
9m[36mset[39m(headers)[
33m.[39msend({})
     [90m 19 |[39m     
[90m// rate-limit ensures 
second spawn returns 429[
39m
     [90m 20 |[39m     e
xpect([[35m429[39m[33m,
[39m [35m201[39m])[33m
.[39mtoContain(res2[33m.
[39mstatusCode)[0m

      at Object.toContain 
(__tests__/api.test.js:17:
24)

Test Suites: 1 failed, 1 t
otal
Tests:       1 failed, 3 p
assed, 4 total
Snapshots:   0 total
Time:        3.45 s, estim
ated 4 s
Ran all test suites matchi
ng /__tests__\\api.test.js
/i.
